PRT1
281
556
13 0 1 (6144 3344.001465 768 ) (6144 3411.349365 754.602783 ) (6144 3468.449463 716.448730 ) (6144 3506.599121 659.357483 ) (6144 3520 592.001587 ) (6144 3506.602051 524.654053 ) (6144 3476.770020 480 ) (6144 3211.230469 480 ) (6144 3181.399902 524.646362 ) (6144 3168 592.002625 ) (6144 3181.399902 659.356689 ) (6144 3219.545654 716.447021 ) (6144 3276.651855 754.602417 ) 
13 1 15 (5120 3506.602051 524.654053 ) (5120 3476.770020 480 ) (5120 3211.230469 480 ) (5120 3181.399902 524.646362 ) (5120 3168 592.002625 ) (5120 3181.399902 659.356689 ) (5120 3219.545898 716.447083 ) (5120 3276.652100 754.602478 ) (5120 3344.001465 768 ) (5120 3411.349365 754.602783 ) (5120 3468.449463 716.448730 ) (5120 3506.599121 659.357483 ) (5120 3520 592.001587 ) 
13 2 3 (6144 2834.601563 524.653198 ) (6144 2804.770020 480 ) (6144 2539.230225 480 ) (6144 2509.400146 524.645813 ) (6144 2496 592.002441 ) (6144 2509.399902 659.357056 ) (6144 2547.545410 716.446716 ) (6144 2604.652100 754.602478 ) (6144 2672.001709 768 ) (6144 2739.362549 754.600220 ) (6144 2796.434814 716.465332 ) (6144 2834.601318 659.347900 ) (6144 2848 592.001831 ) 
13 3 16 (5120 2834.601807 524.653870 ) (5120 2804.770020 480 ) (5120 2539.230225 480 ) (5120 2509.400146 524.645813 ) (5120 2496 592.002502 ) (5120 2509.399658 659.356995 ) (5120 2547.545166 716.446777 ) (5120 2604.651855 754.602356 ) (5120 2672.001953 768 ) (5120 2739.362549 754.600281 ) (5120 2796.436768 716.463928 ) (5120 2834.600830 659.350281 ) (5120 2848 592.001038 ) 
4 4 5 (4536 4352 656 ) (4536 4352 592 ) (4544 4352 592 ) (4544 4352 656 ) 
4 4 6 (4536 4416 656 ) (4536 4416 480 ) (4536 4352 480 ) (4536 4352 656 ) 
4 5 11 (4544 4096 656 ) (4536 4096 656 ) (4536 4096 592 ) (4544 4096 592 ) 
4 5 6 (4536 4096 592 ) (4536 4096 656 ) (4536 4352 656 ) (4536 4352 592 ) 
4 6 13 (4352 4096 592 ) (4352 4096 480 ) (4536 4096 480 ) (4536 4096 592 ) 
4 6 11 (4536 4096 656 ) (4352 4096 656 ) (4352 4096 592 ) (4536 4096 592 ) 
4 7 18 (3968 4096 656 ) (3848 4096 656 ) (3848 4096 480 ) (3968 4096 480 ) 
4 7 9 (3848 4128 592 ) (3848 4128 656 ) (3848 4384 656 ) (3848 4384 592 ) 
4 7 8 (3848 4416 656 ) (3848 4416 480 ) (3848 4384 480 ) (3848 4384 656 ) 
4 7 10 (3848 4128 480 ) (3848 4096 480 ) (3848 4096 656 ) (3848 4128 656 ) 
4 8 9 (3840 4384 656 ) (3840 4384 592 ) (3848 4384 592 ) (3848 4384 656 ) 
4 9 10 (3840 4128 656 ) (3840 4128 592 ) (3848 4128 592 ) (3848 4128 656 ) 
4 10 18 (3848 4096 656 ) (3840 4096 656 ) (3840 4096 480 ) (3848 4096 480 ) 
4 11 19 (4096 3976 592 ) (4096 3968 592 ) (4096 3968 656 ) (4096 3976 656 ) 
4 11 18 (4096 4096 656 ) (4096 4096 592 ) (4096 3976 592 ) (4096 3976 656 ) 
4 11 14 (4096 3976 592 ) (4096 4096 592 ) (4288 4096 592 ) (4288 3976 592 ) 
4 11 13 (4536 3968 592 ) (4288 3968 592 ) (4288 4096 592 ) (4536 4096 592 ) 
4 11 12 (4544 4032 592 ) (4544 3968 592 ) (4536 3968 592 ) (4536 4032 592 ) 
4 12 13 (4536 4032 480 ) (4536 3968 480 ) (4536 3968 592 ) (4536 4032 592 ) 
4 13 14 (4288 4096 480 ) (4288 3976 480 ) (4288 3976 592 ) (4288 4096 592 ) 
4 14 18 (4096 4096 592 ) (4096 4096 480 ) (4096 3976 480 ) (4096 3976 592 ) 
8 15 22 (4096 3476.770020 480 ) (4096 3211.230469 480 ) (4096 3181.399902 524.646362 ) (4096 3168 592.002625 ) (4096 3180.732178 656 ) (4096 3507.267090 656 ) (4096 3520 592.001709 ) (4096 3506.602051 524.653748 ) 
9 15 17 (4096 3180.732178 656 ) (4096 3181.399902 659.356689 ) (4096 3219.545898 716.447083 ) (4096 3276.652100 754.602478 ) (4096 3344.001465 768 ) (4096 3411.349365 754.602783 ) (4096 3468.449219 716.448975 ) (4096 3506.599121 659.357422 ) (4096 3507.267090 656 ) 
13 16 44 (4096 2834.601807 524.653442 ) (4096 2804.770020 480 ) (4096 2539.230225 480 ) (4096 2509.400146 524.645813 ) (4096 2496 592.002502 ) (4096 2509.399658 659.356995 ) (4096 2547.545166 716.446777 ) (4096 2604.651855 754.602356 ) (4096 2672.001953 768 ) (4096 2739.362549 754.600281 ) (4096 2796.438477 716.462891 ) (4096 2834.600342 659.352478 ) (4096 2848 592.001465 ) 
4 17 33 (3072 3472 656 ) (3072 3216 656 ) (3072 3216 704 ) (3072 3472 704 ) 
4 17 22 (3072 3180.731934 656 ) (3072 3507.266846 656 ) (4096 3507.266846 656 ) (4096 3180.731934 656 ) 
4 18 21 (3520 4096 480 ) (3520 3976 480 ) (3520 3976 656 ) (3520 4096 656 ) 
4 18 20 (3776 3976 480 ) (4032 3976 480 ) (4032 3976 592 ) (3776 3976 592 ) 
4 18 19 (3520 3976 656 ) (3520 3976 592 ) (4096 3976 592 ) (4096 3976 656 ) 
4 19 21 (3520 3968 592 ) (3520 3968 656 ) (3520 3976 656 ) (3520 3976 592 ) 
4 19 20 (4032 3968 592 ) (3776 3968 592 ) (3776 3976 592 ) (4032 3976 592 ) 
4 21 23 (3328 3968 480 ) (3456 3968 480 ) (3456 3968 656 ) (3328 3968 656 ) 
4 22 33 (3072 3472 480 ) (3072 3216 480 ) (3072 3216 656 ) (3072 3472 656 ) 
4 23 24 (3072 3968 480 ) (3072 3840 480 ) (3072 3840 656 ) (3072 3968 656 ) 
4 24 26 (2688 3840 656 ) (2688 3840 592 ) (2696 3840 592 ) (2696 3840 656 ) 
4 24 25 (2696 3840 480 ) (2816 3840 480 ) (2816 3840 656 ) (2696 3840 656 ) 
4 25 30 (2724 3488 480 ) (2780 3488 480 ) (2780 3488 588 ) (2724 3488 588 ) 
4 25 28 (2780 3488 588 ) (2780 3488 592 ) (2724 3488 592 ) (2724 3488 588 ) 
4 25 26 (2696 3840 656 ) (2696 3840 592 ) (2696 3584 592 ) (2696 3584 656 ) 
4 25 27 (2696 3584 480 ) (2696 3488 480 ) (2696 3488 656 ) (2696 3584 656 ) 
4 26 27 (2688 3584 656 ) (2688 3584 592 ) (2696 3584 592 ) (2696 3584 656 ) 
4 28 30 (2724 3481 588 ) (2724 3488 588 ) (2780 3488 588 ) (2780 3481 588 ) 
4 29 35 (2780 3472 588 ) (2780 3472 592 ) (2724 3472 592 ) (2724 3472 588 ) 
4 29 32 (2724 3472 588 ) (2724 3479 588 ) (2780 3479 588 ) (2780 3472 588 ) 
4 30 31 (2776 3481 588 ) (2728 3481 588 ) (2728 3481 480 ) (2776 3481 480 ) 
4 31 32 (2776 3479 588 ) (2728 3479 588 ) (2728 3479 480 ) (2776 3479 480 ) 
4 32 35 (2724 3472 480 ) (2780 3472 480 ) (2780 3472 588 ) (2724 3472 588 ) 
4 33 34 (2976 3216 704 ) (2976 3216 480 ) (3024 3216 480 ) (3024 3216 704 ) 
4 33 35 (2976 3216 704 ) (2976 3472 704 ) (2976 3472 480 ) (2976 3216 480 ) 
4 34 35 (2976 3168 704 ) (2976 3216 704 ) (2976 3216 480 ) (2976 3168 480 ) 
4 35 47 (2688 3072 480 ) (2976 3072 480 ) (2976 3072 512 ) (2560 3072 512 ) 
4 35 46 (2976 3072 704 ) (2496 3072 704 ) (2496 3072 512 ) (2976 3072 512 ) 
4 35 39 (2496 3216 480 ) (2496 3200 480 ) (2496 3200 512 ) (2496 3216 512 ) 
4 35 38 (2496 3472 512 ) (2496 3472 480 ) (2496 3216 480 ) (2496 3216 512 ) 
4 35 37 (2496 3216 512 ) (2496 3200 512 ) (2496 3200 704 ) (2496 3216 704 ) 
4 35 36 (2496 3472 704 ) (2496 3472 512 ) (2496 3216 512 ) (2496 3216 704 ) 
4 36 40 (2432 3216 704 ) (2432 3472 704 ) (2432 3472 512 ) (2432 3216 512 ) 
4 36 38 (2432 3216 512 ) (2432 3472 512 ) (2496 3472 512 ) (2496 3216 512 ) 
4 36 37 (2480 3216 512 ) (2496 3216 512 ) (2496 3216 704 ) (2480 3216 704 ) 
3 37 39 (2480 3216 512 ) (2496 3216 512 ) (2496 3200 512 ) 
4 38 40 (2432 3216 512 ) (2432 3472 512 ) (2432 3472 480 ) (2432 3216 480 ) 
4 38 39 (2480 3216 480 ) (2496 3216 480 ) (2496 3216 512 ) (2480 3216 512 ) 
13 40 73 (2048 3506.602051 524.654114 ) (2048 3476.770020 480 ) (2048 3211.230469 480 ) (2048 3181.399902 524.646606 ) (2048 3168 592.002563 ) (2048 3181.398438 659.349426 ) (2048 3219.548828 716.449158 ) (2048 3276.643066 754.600708 ) (2048 3344.001465 768 ) (2048 3411.347412 754.603821 ) (2048 3468.450928 716.448547 ) (2048 3506.598877 659.358398 ) (2048 3520 592.001587 ) 
4 41 60 (2176 3072 512 ) (2176 3072 656 ) (2070 3072 656 ) (2070 3072 512 ) 
4 41 42 (2070 3128 624 ) (2070 3128 656 ) (2070 3136 656 ) (2070 3136 624 ) 
4 41 43 (2070 3128 512 ) (2070 3072 512 ) (2070 3072 656 ) (2070 3128 656 ) 
4 42 74 (2048 3128 656 ) (2048 3136 656 ) (2048 3136 624 ) (2048 3128 624 ) 
4 42 43 (2070 3128 624 ) (2070 3128 656 ) (2048 3128 656 ) (2048 3128 624 ) 
4 43 75 (2048 3072 512 ) (2048 3072 624 ) (2048 3128 624 ) (2048 3128 512 ) 
4 43 74 (2048 3072 624 ) (2048 3072 656 ) (2048 3128 656 ) (2048 3128 624 ) 
4 43 60 (2070 3072 656 ) (2048 3072 656 ) (2048 3072 512 ) (2070 3072 512 ) 
4 44 49 (3072 2800 480 ) (3072 2544 480 ) (3072 2544 704 ) (3072 2800 704 ) 
4 45 49 (2976 2800 480 ) (3024 2800 480 ) (3024 2800 704 ) (2976 2800 704 ) 
4 45 48 (2976 2848 480 ) (2976 2800 480 ) (2976 2800 704 ) (2976 2848 704 ) 
4 46 53 (2496 3032 512 ) (2496 2984 512 ) (2496 2984 620 ) (2496 3032 620 ) 
4 46 47 (2976 2944 512 ) (2560 2944 512 ) (2560 3072 512 ) (2976 3072 512 ) 
4 46 48 (2976 2944 512 ) (2976 2944 704 ) (2496 2944 704 ) (2496 2944 512 ) 
4 47 48 (2688 2944 480 ) (2976 2944 480 ) (2976 2944 512 ) (2560 2944 512 ) 
4 48 57 (2496 2816 480 ) (2496 2800 480 ) (2496 2800 512 ) (2496 2816 512 ) 
4 48 55 (2496 2800 512 ) (2496 2800 624 ) (2496 2816 624 ) (2496 2816 512 ) 
4 48 50 (2496 2800 624 ) (2496 2800 704 ) (2496 2816 704 ) (2496 2816 624 ) 
4 48 49 (2496 2800 480 ) (2976 2800 480 ) (2976 2800 704 ) (2496 2800 704 ) 
4 49 58 (2496 2800 480 ) (2496 2544 480 ) (2496 2544 512 ) (2496 2800 512 ) 
4 49 56 (2496 2544 512 ) (2496 2544 624 ) (2496 2800 624 ) (2496 2800 512 ) 
4 49 51 (2496 2544 624 ) (2496 2544 704 ) (2496 2800 704 ) (2496 2800 624 ) 
3 50 55 (2496 2816 624 ) (2496 2800 624 ) (2480 2800 624 ) 
4 50 51 (2480 2800 624 ) (2496 2800 624 ) (2496 2800 704 ) (2480 2800 704 ) 
4 51 61 (2432 2544 704 ) (2432 2800 704 ) (2432 2800 624 ) (2432 2544 624 ) 
4 51 56 (2432 2544 624 ) (2432 2800 624 ) (2496 2800 624 ) (2496 2544 624 ) 
4 52 59 (2432 2980 624 ) (2432 3036 624 ) (2432 3036 620 ) (2432 2980 620 ) 
4 52 54 (2494 2980 620 ) (2432 2980 620 ) (2432 3036 620 ) (2494 3036 620 ) 
4 53 54 (2494 2984 620 ) (2494 3032 620 ) (2494 3032 512 ) (2494 2984 512 ) 
4 54 59 (2432 3036 620 ) (2432 3036 512 ) (2432 2980 512 ) (2432 2980 620 ) 
3 55 57 (2496 2816 512 ) (2496 2800 512 ) (2480 2800 512 ) 
4 55 56 (2480 2800 512 ) (2496 2800 512 ) (2496 2800 624 ) (2480 2800 624 ) 
4 56 61 (2432 2544 624 ) (2432 2800 624 ) (2432 2800 512 ) (2432 2544 512 ) 
4 56 58 (2432 2544 512 ) (2432 2800 512 ) (2496 2800 512 ) (2496 2544 512 ) 
4 57 58 (2480 2800 480 ) (2496 2800 480 ) (2496 2800 512 ) (2480 2800 512 ) 
4 58 61 (2432 2544 512 ) (2432 2800 512 ) (2432 2800 480 ) (2432 2544 480 ) 
4 59 60 (2176 2944 512 ) (2176 2944 656 ) (2176 3072 656 ) (2176 3072 512 ) 
4 60 81 (2048 2880 512 ) (2048 2880 656 ) (2048 3072 656 ) (2048 3072 512 ) 
13 61 83 (2048 2834.601807 524.654602 ) (2048 2804.770020 480 ) (2048 2539.236328 480 ) (2048 2509.397461 524.659790 ) (2048 2496 592.002441 ) (2048 2509.399658 659.356689 ) (2048 2547.545654 716.447083 ) (2048 2604.654053 754.603882 ) (2048 2672 768 ) (2048 2739.362305 754.600342 ) (2048 2796.442871 716.459778 ) (2048 2834.599365 659.357605 ) (2048 2848 592.001953 ) 
4 62 63 (2524 168 376 ) (2524 168 336 ) (2524 128 336 ) (2524 128 376 ) 
4 63 66 (2404 168 336 ) (2444 168 336 ) (2444 128 336 ) (2404 128 336 ) 
4 64 69 (2064 296 192 ) (2512 296 192 ) (2512 168 192 ) (2064 168 192 ) 
4 64 67 (2064 168 192 ) (2404 168 192 ) (2404 168 256 ) (2064 168 256 ) 
4 64 65 (2444 168 192 ) (2512 168 192 ) (2512 168 256 ) (2444 168 256 ) 
4 64 66 (2404 168 192 ) (2444 168 192 ) (2444 168 256 ) (2404 168 256 ) 
4 65 69 (2444 168 192 ) (2512 168 192 ) (2512 128 192 ) (2444 128 192 ) 
4 65 68 (2444 128 192 ) (2512 128 192 ) (2512 128 256 ) (2444 128 256 ) 
4 65 66 (2444 168 256 ) (2444 168 192 ) (2444 128 192 ) (2444 128 256 ) 
4 66 69 (2404 168 192 ) (2444 168 192 ) (2444 128 192 ) (2404 128 192 ) 
4 66 68 (2404 128 192 ) (2444 128 192 ) (2444 128 256 ) (2404 128 256 ) 
4 66 67 (2404 168 256 ) (2404 168 192 ) (2404 128 192 ) (2404 128 256 ) 
4 67 69 (2064 168 192 ) (2404 168 192 ) (2404 128 192 ) (2064 128 192 ) 
4 67 68 (2064 128 192 ) (2404 128 192 ) (2404 128 256 ) (2064 128 256 ) 
4 68 69 (2512 0 192 ) (2064 0 192 ) (2064 128 192 ) (2512 128 192 ) 
4 69 70 (2064 260 64 ) (2064 36 64 ) (2064 36 192 ) (2064 260 192 ) 
4 70 71 (2060 260 192 ) (2060 260 64 ) (2060 36 64 ) (2060 36 192 ) 
4 71 72 (2052 260 192 ) (2052 260 64 ) (2052 36 64 ) (2052 36 192 ) 
4 72 262 (2048 36 192 ) (2048 260 192 ) (2048 260 64 ) (2048 36 64 ) 
4 73 77 (1808 3424 480 ) (1808 3264 480 ) (1808 3264 664 ) (1808 3424 664 ) 
4 74 82 (1864 3072 656 ) (1856 3072 656 ) (1856 3072 624 ) (1864 3072 624 ) 
4 74 81 (2048 3072 624 ) (2048 3072 656 ) (1864 3072 656 ) (1864 3072 624 ) 
4 74 76 (1864 3136 624 ) (1898 3136 624 ) (1898 3072 624 ) (1864 3072 624 ) 
4 74 75 (2048 3128 624 ) (2048 3072 624 ) (1898 3072 624 ) (1898 3128 624 ) 
4 75 81 (2048 3072 512 ) (2048 3072 624 ) (1898 3072 624 ) (1898 3072 512 ) 
4 75 76 (1898 3128 512 ) (1898 3072 512 ) (1898 3072 624 ) (1898 3128 624 ) 
4 76 81 (1898 3072 624 ) (1864 3072 624 ) (1864 3072 512 ) (1898 3072 512 ) 
4 77 78 (1792 3264 480 ) (1792 3264 664 ) (1792 3424 664 ) (1792 3424 480 ) 
4 78 96 (1024 3264 480 ) (1024 3264 664 ) (1024 3424 664 ) (1024 3424 480 ) 
4 78 80 (1024 3264 656 ) (1024 3264 512 ) (1792 3264 512 ) (1792 3264 656 ) 
6 79 97 (1024 3072 656 ) (1024 3072 768 ) (1024 3136 768 ) (1024 3200.001221 750.848572 ) (1024 3246.860596 703.989197 ) (1024 3259.709717 656 ) 
4 79 86 (1368 3072 768 ) (1320 3072 768 ) (1320 3072 656 ) (1368 3072 656 ) 
4 79 85 (1792 3072 656 ) (1792 3072 768 ) (1368 3072 768 ) (1368 3072 656 ) 
4 79 91 (1320 3072 768 ) (1024 3072 768 ) (1024 3072 656 ) (1320 3072 656 ) 
4 79 80 (1792 3259.709717 656 ) (1792 3072 656 ) (1024 3072 656 ) (1024 3259.709717 656 ) 
4 80 98 (1024 3072 512 ) (1024 3072 656 ) (1024 3264 656 ) (1024 3264 512 ) 
4 80 86 (1368 3072 656 ) (1320 3072 656 ) (1320 3072 512 ) (1368 3072 512 ) 
4 80 85 (1792 3072 512 ) (1792 3072 656 ) (1368 3072 656 ) (1368 3072 512 ) 
4 80 91 (1320 3072 656 ) (1024 3072 656 ) (1024 3072 512 ) (1320 3072 512 ) 
4 81 82 (1864 2880 624 ) (1864 2880 656 ) (1864 3072 656 ) (1864 3072 624 ) 
4 83 84 (1808 2752 480 ) (1808 2592 480 ) (1808 2592 664 ) (1808 2752 664 ) 
4 84 94 (1792 2592 480 ) (1792 2592 664 ) (1792 2752 664 ) (1792 2752 480 ) 
4 85 92 (1792 2984 656 ) (1792 2984 768 ) (1368 2984 768 ) (1368 2984 656 ) 
4 85 93 (1368 2984 512 ) (1792 2984 512 ) (1792 2984 656 ) (1368 2984 656 ) 
4 85 89 (1368 3032 512 ) (1368 3024 512 ) (1368 3024 768 ) (1368 3032 768 ) 
4 85 88 (1368 2992 512 ) (1368 2984 512 ) (1368 2984 768 ) (1368 2992 768 ) 
4 85 86 (1368 3072 512 ) (1368 3032 512 ) (1368 3032 768 ) (1368 3072 768 ) 
4 86 90 (1320 3032 768 ) (1320 3032 512 ) (1328 3032 512 ) (1328 3032 768 ) 
4 86 89 (1360 3032 512 ) (1368 3032 512 ) (1368 3032 768 ) (1360 3032 768 ) 
4 86 91 (1320 3072 512 ) (1320 3032 512 ) (1320 3032 768 ) (1320 3072 768 ) 
4 87 92 (1328 2984 656 ) (1328 2984 768 ) (1320 2984 768 ) (1320 2984 656 ) 
4 87 93 (1320 2984 512 ) (1328 2984 512 ) (1328 2984 656 ) (1320 2984 656 ) 
4 87 91 (1320 2992 512 ) (1320 2984 512 ) (1320 2984 768 ) (1320 2992 768 ) 
4 88 92 (1368 2984 656 ) (1368 2984 768 ) (1360 2984 768 ) (1360 2984 656 ) 
4 88 93 (1360 2984 512 ) (1368 2984 512 ) (1368 2984 656 ) (1360 2984 656 ) 
4 90 91 (1320 3032 512 ) (1320 3024 512 ) (1320 3024 768 ) (1320 3032 768 ) 
4 91 118 (1024 2984 768 ) (1024 3072 768 ) (1024 3072 512 ) (1024 2984 512 ) 
4 91 92 (1320 2984 656 ) (1320 2984 768 ) (1024 2984 768 ) (1024 2984 656 ) 
4 91 93 (1024 2984 512 ) (1320 2984 512 ) (1320 2984 656 ) (1024 2984 656 ) 
6 92 125 (1024 2815.998535 750.848694 ) (1024 2880 768 ) (1024 2984 768 ) (1024 2984 656 ) (1024 2756.250732 656 ) (1024 2769.150146 704 ) 
4 92 93 (1024 2756.250732 656 ) (1024 2984 656 ) (1792 2984 656 ) (1792 2756.250732 656 ) 
4 93 126 (1024 2752 512 ) (1024 2752 656 ) (1024 2984 656 ) (1024 2984 512 ) 
4 93 94 (1024 2752 656 ) (1024 2752 512 ) (1792 2752 512 ) (1792 2752 656 ) 
4 94 141 (1024 2592 480 ) (1024 2592 664 ) (1024 2752 664 ) (1024 2752 480 ) 
4 95 261 (1728 2048 512 ) (1024 2048 512 ) (1024 2048 64 ) (1728 2048 64 ) 
4 95 142 (1024 2048 64 ) (1024 2048 512 ) (1024 2304 512 ) (1024 2304 64 ) 
4 96 98 (1024 3264 512 ) (1024 3264 656 ) (384 3264 656 ) (384 3264 512 ) 
4 97 119 (856 3072 768 ) (808 3072 768 ) (808 3072 656 ) (856 3072 656 ) 
4 97 118 (1024 3072 656 ) (1024 3072 768 ) (856 3072 768 ) (856 3072 656 ) 
4 97 124 (808 3072 768 ) (384 3072 768 ) (384 3072 656 ) (808 3072 656 ) 
6 97 99 (384 3259.709717 656 ) (384 3072 656 ) (384 3072 768 ) (384 3136 768 ) (384 3200.001221 750.848572 ) (384 3246.860596 703.989197 ) 
4 97 98 (384 3072 656 ) (384 3259.709717 656 ) (1024 3259.709717 656 ) (1024 3072 656 ) 
4 98 119 (856 3072 656 ) (808 3072 656 ) (808 3072 512 ) (856 3072 512 ) 
4 98 118 (1024 3072 512 ) (1024 3072 656 ) (856 3072 656 ) (856 3072 512 ) 
4 98 124 (808 3072 656 ) (384 3072 656 ) (384 3072 512 ) (808 3072 512 ) 
4 98 108 (384 3264 544 ) (384 3264 528 ) (384 3072 528 ) (384 3072 544 ) 
4 98 106 (384 3264 560 ) (384 3264 544 ) (384 3072 544 ) (384 3072 560 ) 
4 98 104 (384 3264 656 ) (384 3264 560 ) (384 3072 560 ) (384 3072 656 ) 
4 99 127 (384 3072 656 ) (384 3072 768 ) (368 3072 768 ) (368 3072 656 ) 
4 99 104 (384 3259.722412 656 ) (384 3072 656 ) (368 3072 656 ) (368 3259.722168 656 ) 
4 99 102 (368 3259.722412 656 ) (368 3072 656 ) (368 3072 688 ) (368 3251.144531 688 ) 
5 99 101 (368 3072 688 ) (368 3072 704 ) (368 3246.849854 704 ) (368 3246.857666 703.992188 ) (368 3251.144531 688 ) 
5 99 100 (368 3072 704 ) (368 3072 768 ) (368 3136 768 ) (368 3200.001221 750.848572 ) (368 3246.849854 704 ) 
4 100 130 (0 3072 1024 ) (0 3072 704 ) (32 3072 704 ) (32 3072 1024 ) 
4 100 129 (32 3072 704 ) (368 3072 704 ) (368 3072 1024 ) (32 3072 1024 ) 
4 100 115 (0 3072 720 ) (0 3072 752 ) (0 3264 752 ) (0 3264 720 ) 
4 100 113 (0 3072 752 ) (0 3072 896 ) (0 3264 896 ) (0 3264 752 ) 
4 100 112 (0 3072 896 ) (0 3072 1024 ) (0 3264 1024 ) (0 3264 896 ) 
4 100 101 (32 3264 704 ) (368 3264 704 ) (368 3072 704 ) (32 3072 704 ) 
4 101 129 (32 3072 688 ) (368 3072 688 ) (368 3072 704 ) (32 3072 704 ) 
4 101 103 (64 3264 688 ) (96 3264 688 ) (96 3072 688 ) (64 3072 688 ) 
4 101 102 (96 3264 688 ) (368 3264 688 ) (368 3072 688 ) (96 3072 688 ) 
4 102 133 (96 3072 656 ) (128 3072 656 ) (128 3072 672 ) (96 3072 672 ) 
4 102 132 (128 3072 656 ) (368 3072 656 ) (368 3072 672 ) (128 3072 672 ) 
4 102 131 (368 3072 672 ) (368 3072 688 ) (96 3072 688 ) (96 3072 672 ) 
4 102 110 (128 3264 656 ) (160 3264 656 ) (160 3072 656 ) (128 3072 656 ) 
4 102 109 (160 3264 656 ) (224 3264 656 ) (224 3072 656 ) (160 3072 656 ) 
4 102 107 (224 3264 656 ) (256 3264 656 ) (256 3072 656 ) (224 3072 656 ) 
4 102 105 (256 3264 656 ) (288 3264 656 ) (288 3072 656 ) (256 3072 656 ) 
4 102 104 (288 3264 656 ) (368 3264 656 ) (368 3072 656 ) (288 3072 656 ) 
4 102 103 (96 3072 672 ) (96 3072 688 ) (96 3264 688 ) (96 3264 672 ) 
4 103 131 (96 3072 672 ) (96 3072 688 ) (64 3072 688 ) (64 3072 672 ) 
4 104 137 (288 3072 576 ) (288 3072 560 ) (368 3072 560 ) (368 3072 576 ) 
4 104 135 (288 3072 624 ) (288 3072 576 ) (368 3072 576 ) (368 3072 624 ) 
4 104 134 (288 3072 640 ) (288 3072 624 ) (368 3072 624 ) (368 3072 640 ) 
4 104 132 (368 3072 656 ) (288 3072 656 ) (288 3072 640 ) (368 3072 640 ) 
4 104 128 (384 3072 560 ) (384 3072 656 ) (368 3072 656 ) (368 3072 560 ) 
4 104 106 (320 3264 560 ) (384 3264 560 ) (384 3072 560 ) (320 3072 560 ) 
4 104 105 (288 3072 576 ) (288 3072 656 ) (288 3264 656 ) (288 3264 576 ) 
4 105 135 (256 3072 624 ) (256 3072 576 ) (288 3072 576 ) (288 3072 624 ) 
4 105 134 (256 3072 640 ) (256 3072 624 ) (288 3072 624 ) (288 3072 640 ) 
4 105 132 (288 3072 656 ) (256 3072 656 ) (256 3072 640 ) (288 3072 640 ) 
4 105 107 (256 3072 592 ) (256 3072 656 ) (256 3264 656 ) (256 3264 592 ) 
4 106 140 (352 3072 560 ) (320 3072 560 ) (320 3072 544 ) (352 3072 544 ) 
4 106 139 (368 3072 560 ) (352 3072 560 ) (352 3072 544 ) (368 3072 544 ) 
4 106 128 (384 3072 544 ) (384 3072 560 ) (368 3072 560 ) (368 3072 544 ) 
4 106 108 (352 3264 544 ) (384 3264 544 ) (384 3072 544 ) (352 3072 544 ) 
4 107 136 (224 3072 624 ) (224 3072 592 ) (256 3072 592 ) (256 3072 624 ) 
4 107 134 (224 3072 640 ) (224 3072 624 ) (256 3072 624 ) (256 3072 640 ) 
4 107 132 (256 3072 656 ) (224 3072 656 ) (224 3072 640 ) (256 3072 640 ) 
4 107 111 (224 3264 624 ) (224 3264 608 ) (224 3072 608 ) (224 3072 624 ) 
4 107 109 (224 3072 656 ) (224 3264 656 ) (224 3264 624 ) (224 3072 624 ) 
4 108 139 (368 3072 544 ) (352 3072 544 ) (352 3072 528 ) (368 3072 528 ) 
4 108 128 (384 3072 528 ) (384 3072 544 ) (368 3072 544 ) (368 3072 528 ) 
4 109 134 (224 3072 624 ) (224 3072 640 ) (160 3072 640 ) (160 3072 624 ) 
4 109 132 (224 3072 640 ) (224 3072 656 ) (160 3072 656 ) (160 3072 640 ) 
4 109 111 (192 3264 624 ) (224 3264 624 ) (224 3072 624 ) (192 3072 624 ) 
4 109 110 (160 3072 640 ) (160 3072 656 ) (160 3264 656 ) (160 3264 640 ) 
4 110 132 (160 3072 656 ) (128 3072 656 ) (128 3072 640 ) (160 3072 640 ) 
4 111 138 (224 3072 608 ) (224 3072 624 ) (192 3072 624 ) (192 3072 608 ) 
4 112 143 (0 3072 896 ) (0 3072 1024 ) (-112 3072 1024 ) (-112 3072 896 ) 
4 112 114 (-112 3264 896 ) (-96 3264 896 ) (-96 3072 896 ) (-112 3072 896 ) 
4 112 113 (-96 3264 896 ) (0 3264 896 ) (0 3072 896 ) (-96 3072 896 ) 
4 113 144 (0 3072 752 ) (0 3072 896 ) (-96 3072 896 ) (-96 3072 752 ) 
4 113 116 (-64 3264 752 ) (-32 3264 752 ) (-32 3072 752 ) (-64 3072 752 ) 
4 113 115 (-32 3264 752 ) (0 3264 752 ) (0 3072 752 ) (-32 3072 752 ) 
4 113 114 (-96 3072 768 ) (-96 3072 896 ) (-96 3264 896 ) (-96 3264 768 ) 
4 114 145 (-96 3072 896 ) (-128 3072 896 ) (-128 3072 768 ) (-96 3072 768 ) 
4 114 117 (-128 3264 896 ) (-128 3264 768 ) (-128 3072 768 ) (-128 3072 896 ) 
4 115 146 (0 3072 720 ) (0 3072 752 ) (-32 3072 752 ) (-32 3072 720 ) 
4 115 116 (-32 3072 752 ) (-32 3264 752 ) (-32 3264 736 ) (-32 3072 736 ) 
4 116 147 (-32 3072 736 ) (-32 3072 752 ) (-64 3072 752 ) (-64 3072 736 ) 
7 117 178 (-1024 3072 768 ) (-1024 3072 1024 ) (-1024 3136 1024 ) (-1024 3200 1006.849854 ) (-1024 3246.850098 960 ) (-1024 3264 896 ) (-1024 3264 768 ) 
4 117 149 (-552 3072 1024 ) (-600 3072 1024 ) (-600 3072 768 ) (-552 3072 768 ) 
4 117 148 (-128 3072 768 ) (-128 3072 1024 ) (-552 3072 1024 ) (-552 3072 768 ) 
4 117 154 (-600 3072 1024 ) (-1024 3072 1024 ) (-1024 3072 768 ) (-600 3072 768 ) 
4 118 125 (1024 2984 656 ) (1024 2984 768 ) (856 2984 768 ) (856 2984 656 ) 
4 118 126 (856 2984 512 ) (1024 2984 512 ) (1024 2984 656 ) (856 2984 656 ) 
4 118 122 (856 3032 512 ) (856 3024 512 ) (856 3024 768 ) (856 3032 768 ) 
4 118 121 (856 2992 512 ) (856 2984 512 ) (856 2984 768 ) (856 2992 768 ) 
4 118 119 (856 3072 512 ) (856 3032 512 ) (856 3032 768 ) (856 3072 768 ) 
4 119 123 (808 3032 768 ) (808 3032 512 ) (816 3032 512 ) (816 3032 768 ) 
4 119 122 (848 3032 512 ) (856 3032 512 ) (856 3032 768 ) (848 3032 768 ) 
4 119 124 (808 3072 512 ) (808 3032 512 ) (808 3032 768 ) (808 3072 768 ) 
4 120 125 (815.991882 2984 656 ) (815.991882 2984 768 ) (808 2984 768 ) (808 2984 656 ) 
4 120 126 (808 2984 512 ) (815.991882 2984 512 ) (815.991882 2984 656 ) (808 2984 656 ) 
4 120 124 (808 2991.991943 512 ) (808 2984 512 ) (808 2984 768 ) (808 2991.991943 768 ) 
4 121 125 (856 2984 656 ) (856 2984 768 ) (848 2984 768 ) (848 2984 656 ) 
4 121 126 (848 2984 512 ) (856 2984 512 ) (856 2984 656 ) (848 2984 656 ) 
4 123 124 (808 3032 512 ) (808 3024 512 ) (808 3024 768 ) (808 3032 768 ) 
4 124 127 (384 3072 768 ) (384 3072 656 ) (384 2984 656 ) (384 2984 768 ) 
4 124 128 (384 3072 656 ) (384 3072 528 ) (384 2984 528 ) (384 2984 656 ) 
4 124 125 (808 2984 656 ) (808 2984 768 ) (384 2984 768 ) (384 2984 656 ) 
4 124 126 (384 2984 512 ) (808 2984 512 ) (808 2984 656 ) (384 2984 656 ) 
6 125 127 (384 2769.149902 704 ) (384 2815.998535 750.848633 ) (384 2880 768 ) (384 2984 768 ) (384 2984 656 ) (384 2756.250732 656 ) 
4 125 126 (384 2756.250732 656 ) (384 2984 656 ) (1024 2984 656 ) (1024 2756.250732 656 ) 
4 126 141 (1024 2752 512 ) (1024 2752 656 ) (384 2752 656 ) (384 2752 512 ) 
4 126 128 (384 2752 528 ) (384 2752 656 ) (384 2984 656 ) (384 2984 528 ) 
4 127 132 (368 3072 672 ) (368 3072 656 ) (368 2756.250488 656 ) (368 2760.550293 672 ) 
4 127 131 (368 3072 688 ) (368 3072 672 ) (368 2760.550293 672 ) (368 2764.850098 688 ) 
6 127 129 (368 2769.149902 704 ) (368 2815.998535 750.848633 ) (368 2880 768 ) (368 3072 768 ) (368 3072 688 ) (368 2764.850098 688 ) 
4 127 128 (368 2756.250732 656 ) (368 3072 656 ) (384 3072 656 ) (384 2756.250488 656 ) 
4 128 139 (368 2752 528 ) (368 2752 560 ) (368 3072 560 ) (368 3072 528 ) 
4 128 137 (368 2752 560 ) (368 2752 576 ) (368 3072 576 ) (368 3072 560 ) 
4 128 135 (368 2752 576 ) (368 2752 624 ) (368 3072 624 ) (368 3072 576 ) 
4 128 134 (368 2752 624 ) (368 2752 640 ) (368 3072 640 ) (368 3072 624 ) 
4 128 132 (368 2752 640 ) (368 2752 656 ) (368 3072 656 ) (368 3072 640 ) 
4 129 131 (368 3072 688 ) (368 2752 688 ) (64 2752 688 ) (64 3072 688 ) 
4 129 130 (32 2752 704 ) (32 2752 1024 ) (32 3072 1024 ) (32 3072 704 ) 
4 130 146 (0 3072 752 ) (0 3072 720 ) (0 2752 720 ) (0 2752 752 ) 
4 130 144 (0 3072 896 ) (0 3072 752 ) (0 2752 752 ) (0 2752 896 ) 
4 130 143 (0 3072 1024 ) (0 3072 896 ) (0 2752 896 ) (0 2752 1024 ) 
4 131 133 (96 3072 672 ) (128 3072 672 ) (128 2752 672 ) (96 2752 672 ) 
4 131 132 (128 3072 672 ) (368 3072 672 ) (368 2752 672 ) (128 2752 672 ) 
4 132 134 (160 3072 640 ) (368 3072 640 ) (368 2752 640 ) (160 2752 640 ) 
4 132 133 (128 2752 656 ) (128 2752 672 ) (128 3072 672 ) (128 3072 656 ) 
4 134 138 (224 2752 624 ) (192 2752 624 ) (192 3072 624 ) (224 3072 624 ) 
4 134 136 (256 2752 624 ) (224 2752 624 ) (224 3072 624 ) (256 3072 624 ) 
4 134 135 (368 3072 624 ) (368 2752 624 ) (256 2752 624 ) (256 3072 624 ) 
4 135 137 (288 3072 576 ) (368 3072 576 ) (368 2752 576 ) (288 2752 576 ) 
4 135 136 (256 2752 592 ) (256 2752 624 ) (256 3072 624 ) (256 3072 592 ) 
4 136 138 (224 2752 608 ) (224 2752 624 ) (224 3072 624 ) (224 3072 608 ) 
4 137 140 (320 3072 560 ) (352 3072 560 ) (352 2752 560 ) (320 2752 560 ) 
4 137 139 (352 3072 560 ) (368 3072 560 ) (368 2752 560 ) (352 2752 560 ) 
4 139 140 (352 2752 544 ) (352 2752 560 ) (352 3072 560 ) (352 3072 544 ) 
4 142 263 (1024 2048 64 ) (1024 2048 512 ) (0 2048 512 ) (0 2048 64 ) 
4 142 171 (0 2048 64 ) (0 2048 192 ) (0 2304 192 ) (0 2304 64 ) 
4 142 170 (0 2048 192 ) (0 2048 512 ) (0 2304 512 ) (0 2304 192 ) 
4 143 145 (-96 2752 896 ) (-112 2752 896 ) (-112 3072 896 ) (-96 3072 896 ) 
4 143 144 (0 2752 896 ) (-96 2752 896 ) (-96 3072 896 ) (0 3072 896 ) 
4 144 147 (-32 2752 752 ) (-64 2752 752 ) (-64 3072 752 ) (-32 3072 752 ) 
4 144 146 (0 2752 752 ) (-32 2752 752 ) (-32 3072 752 ) (0 3072 752 ) 
4 144 145 (-96 2752 768 ) (-96 2752 896 ) (-96 3072 896 ) (-96 3072 768 ) 
4 145 155 (-128 2984 768 ) (-128 2752 768 ) (-128 2752 896 ) (-128 2984 896 ) 
4 145 148 (-128 3072 896 ) (-128 3072 768 ) (-128 2984 768 ) (-128 2984 896 ) 
4 146 147 (-32 2752 736 ) (-32 2752 752 ) (-32 3072 752 ) (-32 3072 736 ) 
4 148 155 (-552 2984 768 ) (-128 2984 768 ) (-128 2984 1024 ) (-552 2984 1024 ) 
4 148 152 (-552 3032 768 ) (-552 3024 768 ) (-552 3024 1024 ) (-552 3032 1024 ) 
4 148 151 (-552 2992 768 ) (-552 2984 768 ) (-552 2984 1024 ) (-552 2992 1024 ) 
4 148 149 (-552 3072 768 ) (-552 3032 768 ) (-552 3032 1024 ) (-552 3072 1024 ) 
4 149 153 (-600 3032 1024 ) (-600 3032 768 ) (-592 3032 768 ) (-592 3032 1024 ) 
4 149 152 (-560 3032 768 ) (-552 3032 768 ) (-552 3032 1024 ) (-560 3032 1024 ) 
4 149 154 (-600 3072 768 ) (-600 3032 768 ) (-600 3032 1024 ) (-600 3072 1024 ) 
4 150 155 (-600 2984 768 ) (-592 2984 768 ) (-592 2984 1024 ) (-600 2984 1024 ) 
4 150 154 (-600 2992 768 ) (-600 2984 768 ) (-600 2984 1024 ) (-600 2992 1024 ) 
4 151 155 (-560 2984 768 ) (-552 2984 768 ) (-552 2984 1024 ) (-560 2984 1024 ) 
4 153 154 (-600 3032 768 ) (-600 3024 768 ) (-600 3024 1024 ) (-600 3032 1024 ) 
4 154 198 (-1024 2984 1024 ) (-1024 3072 1024 ) (-1024 3072 768 ) (-1024 2984 768 ) 
4 154 155 (-1024 2984 768 ) (-600 2984 768 ) (-600 2984 1024 ) (-1024 2984 1024 ) 
7 155 205 (-1024 2752 768 ) (-1024 2752 896 ) (-1024 2769.149902 960 ) (-1024 2816 1006.850037 ) (-1024 2880 1024 ) (-1024 2984 1024 ) (-1024 2984 768 ) 
4 155 164 (-880 2752 768 ) (-784 2752 768 ) (-784 2752 880 ) (-880 2752 880 ) 
4 156 159 (-512 2872 64 ) (-512 2824 64 ) (-512 2824 172 ) (-512 2872 172 ) 
4 157 159 (-640 2928 64 ) (-512 2928 64 ) (-512 2928 192 ) (-640 2928 192 ) 
4 158 162 (-968 2928 64 ) (-923 2928 64 ) (-923 2928 192 ) (-968 2928 192 ) 
4 158 161 (-923 2928 64 ) (-704 2928 64 ) (-704 2928 192 ) (-923 2928 192 ) 
4 159 166 (-600 2752 64 ) (-552 2752 64 ) (-552 2752 172.500000 ) (-600 2752 172.500000 ) 
4 159 160 (-640 2928 192 ) (-640 2928 64 ) (-640 2768 64 ) (-640 2768 192 ) 
4 160 161 (-704 2928 192 ) (-704 2928 64 ) (-704 2768 64 ) (-704 2768 192 ) 
4 161 167 (-880 2752 64 ) (-784 2752 64 ) (-784 2752 172.500000 ) (-880 2752 172.500000 ) 
4 161 165 (-880 2752 172.500000 ) (-784 2752 172.500000 ) (-784 2752 176 ) (-880 2752 176 ) 
4 161 163 (-923 2752 176 ) (-923 2752 192 ) (-923 2760 192 ) (-923 2760 176 ) 
4 161 162 (-923 2928 192 ) (-923 2928 64 ) (-923 2760 64 ) (-923 2760 192 ) 
4 162 206 (-1024 2760 192 ) (-1024 2928 192 ) (-1024 2928 64 ) (-1024 2760 64 ) 
4 162 163 (-923 2760 176 ) (-923 2760 192 ) (-1024 2760 192 ) (-1024 2760 176 ) 
4 163 208 (-1024 2752 176 ) (-1024 2752 192 ) (-1024 2760 192 ) (-1024 2760 176 ) 
4 164 168 (-880 2736 768 ) (-784 2736 768 ) (-784 2736 880 ) (-880 2736 880 ) 
4 165 169 (-880 2736 172.500000 ) (-784 2736 172.500000 ) (-784 2736 176 ) (-880 2736 176 ) 
4 165 167 (-784 2736 172.500000 ) (-880 2736 172.500000 ) (-880 2752 172.500000 ) (-784 2752 172.500000 ) 
4 167 169 (-880 2736 64 ) (-784 2736 64 ) (-784 2736 172.500000 ) (-880 2736 172.500000 ) 
4 168 169 (-896 2608 768 ) (-896 2736 768 ) (-768 2736 768 ) (-768 2608 768 ) 
4 170 264 (0 2048 192 ) (0 2048 512 ) (-768 2048 512 ) (-768 2048 192 ) 
4 170 171 (0 2048 192 ) (-768 2048 192 ) (-768 2304 192 ) (0 2304 192 ) 
4 171 267 (0 2048 64 ) (0 2048 192 ) (-768 2048 192 ) (-768 2048 64 ) 
4 172 237 (-1024 2296 192 ) (-1024 2304 192 ) (-1024 2304 176 ) (-1024 2296 176 ) 
4 172 173 (-832 2296 176 ) (-845 2296 176 ) (-845 2304 176 ) (-832 2304 176 ) 
4 172 174 (-832 2296 176 ) (-832 2296 192 ) (-1024 2296 192 ) (-1024 2296 176 ) 
4 173 174 (-845 2296 64 ) (-832 2296 64 ) (-832 2296 176 ) (-845 2296 176 ) 
4 174 269 (-832 2048 192 ) (-1024 2048 192 ) (-1024 2048 64 ) (-832 2048 64 ) 
4 174 246 (-1024 2112 192 ) (-1024 2128 192 ) (-1024 2128 64 ) (-1024 2112 64 ) 
4 174 242 (-1024 2128 192 ) (-1024 2288 192 ) (-1024 2288 64 ) (-1024 2128 64 ) 
4 174 238 (-1024 2288 192 ) (-1024 2296 192 ) (-1024 2296 64 ) (-1024 2288 64 ) 
4 174 175 (-832 2288 64 ) (-832 2128 64 ) (-1024 2128 64 ) (-1024 2288 64 ) 
4 175 254 (-1024 2128 64 ) (-1024 2288 64 ) (-1024 2288 48 ) (-1024 2128 48 ) 
4 175 176 (-832 2128 48 ) (-1024 2128 48 ) (-1024 2288 48 ) (-832 2288 48 ) 
4 176 255 (-1024 2288 48 ) (-1024 2288 0 ) (-1024 2128 0 ) (-1024 2128 48 ) 
4 176 177 (-912 2288 0 ) (-832 2288 0 ) (-832 2128 0 ) (-912 2128 0 ) 
4 178 199 (-1064 3072 1024 ) (-1112 3072 1024 ) (-1112 3072 768 ) (-1064 3072 768 ) 
4 178 198 (-1024 3072 768 ) (-1024 3072 1024 ) (-1064 3072 1024 ) (-1064 3072 768 ) 
4 178 204 (-1112 3072 1024 ) (-1536 3072 1024 ) (-1536 3072 768 ) (-1112 3072 768 ) 
5 178 188 (-1536 3264 896 ) (-1536 3264 784 ) (-1536 3072 784 ) (-1536 3072 912 ) (-1536 3259.712646 912 ) 
6 178 180 (-1536 3072 912 ) (-1536 3072 1024 ) (-1536 3136 1024 ) (-1536 3200 1006.849854 ) (-1536 3246.850098 960 ) (-1536 3259.712646 912 ) 
4 179 212 (-1552 3072 1280 ) (-2048 3072 1280 ) (-2048 3072 1024 ) (-1552 3072 1024 ) 
7 179 197 (-2048 3072 1024 ) (-2048 3072 1280 ) (-2048 3136 1280 ) (-2048 3200 1262.849976 ) (-2048 3246.850098 1216 ) (-2048 3264 1152 ) (-2048 3264 1024 ) 
4 179 187 (-2016 3264 1024 ) (-1984 3264 1024 ) (-1984 3072 1024 ) (-2016 3072 1024 ) 
4 179 186 (-1984 3264 1024 ) (-1952 3264 1024 ) (-1952 3072 1024 ) (-1984 3072 1024 ) 
4 179 185 (-1952 3264 1024 ) (-1920 3264 1024 ) (-1920 3072 1024 ) (-1952 3072 1024 ) 
4 179 184 (-1920 3264 1024 ) (-1888 3264 1024 ) (-1888 3072 1024 ) (-1920 3072 1024 ) 
4 179 183 (-1888 3264 1024 ) (-1856 3264 1024 ) (-1856 3072 1024 ) (-1888 3072 1024 ) 
4 179 182 (-1856 3264 1024 ) (-1824 3264 1024 ) (-1824 3072 1024 ) (-1856 3072 1024 ) 
4 179 181 (-1824 3264 1024 ) (-1552 3264 1024 ) (-1552 3072 1024 ) (-1824 3072 1024 ) 
4 180 213 (-1536 3072 912 ) (-1536 3072 1024 ) (-1552 3072 1024 ) (-1552 3072 912 ) 
4 180 188 (-1552 3264 912 ) (-1536 3264 912 ) (-1536 3072 912 ) (-1552 3072 912 ) 
4 180 181 (-1552 3264 912 ) (-1552 3072 912 ) (-1552 3072 1024 ) (-1552 3264 1024 ) 
4 181 214 (-1552 3072 1024 ) (-1824 3072 1024 ) (-1824 3072 912 ) (-1552 3072 912 ) 
4 181 195 (-1792 3264 912 ) (-1760 3264 912 ) (-1760 3072 912 ) (-1792 3072 912 ) 
4 181 194 (-1760 3264 912 ) (-1728 3264 912 ) (-1728 3072 912 ) (-1760 3072 912 ) 
4 181 193 (-1728 3264 912 ) (-1664 3264 912 ) (-1664 3072 912 ) (-1728 3072 912 ) 
4 181 192 (-1664 3264 912 ) (-1632 3264 912 ) (-1632 3072 912 ) (-1664 3072 912 ) 
4 181 191 (-1632 3264 912 ) (-1600 3264 912 ) (-1600 3072 912 ) (-1632 3072 912 ) 
4 181 190 (-1600 3264 912 ) (-1568 3264 912 ) (-1568 3072 912 ) (-1600 3072 912 ) 
4 181 189 (-1568 3264 912 ) (-1552 3264 912 ) (-1552 3072 912 ) (-1568 3072 912 ) 
4 181 182 (-1824 3072 928 ) (-1824 3072 1024 ) (-1824 3264 1024 ) (-1824 3264 928 ) 
4 182 215 (-1824 3072 1024 ) (-1856 3072 1024 ) (-1856 3072 928 ) (-1824 3072 928 ) 
4 182 183 (-1856 3072 944 ) (-1856 3072 1024 ) (-1856 3264 1024 ) (-1856 3264 944 ) 
4 183 216 (-1856 3072 1024 ) (-1888 3072 1024 ) (-1888 3072 944 ) (-1856 3072 944 ) 
4 183 184 (-1888 3072 960 ) (-1888 3072 1024 ) (-1888 3264 1024 ) (-1888 3264 960 ) 
4 184 217 (-1888 3072 1024 ) (-1920 3072 1024 ) (-1920 3072 960 ) (-1888 3072 960 ) 
4 184 185 (-1920 3072 976 ) (-1920 3072 1024 ) (-1920 3264 1024 ) (-1920 3264 976 ) 
4 185 218 (-1920 3072 1024 ) (-1952 3072 1024 ) (-1952 3072 976 ) (-1920 3072 976 ) 
4 185 186 (-1952 3072 992 ) (-1952 3072 1024 ) (-1952 3264 1024 ) (-1952 3264 992 ) 
4 186 219 (-1952 3072 1024 ) (-1984 3072 1024 ) (-1984 3072 992 ) (-1952 3072 992 ) 
4 186 187 (-1984 3072 1008 ) (-1984 3072 1024 ) (-1984 3264 1024 ) (-1984 3264 1008 ) 
4 187 220 (-1984 3072 1024 ) (-2016 3072 1024 ) (-2016 3072 1008 ) (-1984 3072 1008 ) 
4 188 221 (-1536 3072 784 ) (-1536 3072 912 ) (-1552 3072 912 ) (-1552 3072 784 ) 
4 188 189 (-1552 3264 784 ) (-1552 3072 784 ) (-1552 3072 912 ) (-1552 3264 912 ) 
4 189 222 (-1552 3072 912 ) (-1568 3072 912 ) (-1568 3072 784 ) (-1552 3072 784 ) 
4 189 190 (-1568 3072 800 ) (-1568 3072 912 ) (-1568 3264 912 ) (-1568 3264 800 ) 
4 190 223 (-1568 3072 912 ) (-1600 3072 912 ) (-1600 3072 800 ) (-1568 3072 800 ) 
4 190 191 (-1600 3072 816 ) (-1600 3072 912 ) (-1600 3264 912 ) (-1600 3264 816 ) 
4 191 224 (-1600 3072 912 ) (-1632 3072 912 ) (-1632 3072 816 ) (-1600 3072 816 ) 
4 191 192 (-1632 3072 832 ) (-1632 3072 912 ) (-1632 3264 912 ) (-1632 3264 832 ) 
4 192 225 (-1632 3072 912 ) (-1664 3072 912 ) (-1664 3072 832 ) (-1632 3072 832 ) 
4 192 196 (-1664 3264 864 ) (-1664 3264 848 ) (-1664 3072 848 ) (-1664 3072 864 ) 
4 192 193 (-1664 3072 912 ) (-1664 3264 912 ) (-1664 3264 864 ) (-1664 3072 864 ) 
4 193 226 (-1664 3072 864 ) (-1664 3072 912 ) (-1728 3072 912 ) (-1728 3072 864 ) 
4 193 196 (-1696 3264 864 ) (-1664 3264 864 ) (-1664 3072 864 ) (-1696 3072 864 ) 
4 193 194 (-1728 3072 880 ) (-1728 3072 912 ) (-1728 3264 912 ) (-1728 3264 880 ) 
4 194 227 (-1728 3072 912 ) (-1760 3072 912 ) (-1760 3072 880 ) (-1728 3072 880 ) 
4 194 195 (-1760 3072 896 ) (-1760 3072 912 ) (-1760 3264 912 ) (-1760 3264 896 ) 
4 195 228 (-1760 3072 912 ) (-1792 3072 912 ) (-1792 3072 896 ) (-1760 3072 896 ) 
4 196 229 (-1664 3072 848 ) (-1664 3072 864 ) (-1696 3072 864 ) (-1696 3072 848 ) 
7 197 257 (-3072 3072 1024 ) (-3072 3072 1280 ) (-3072 3136 1280 ) (-3072 3200 1262.849976 ) (-3072 3246.850098 1216 ) (-3072 3264 1152 ) (-3072 3264 1024 ) 
4 197 256 (-2048 3072 1024 ) (-2048 3072 1280 ) (-3072 3072 1280 ) (-3072 3072 1024 ) 
4 198 205 (-1064 2984 768 ) (-1024 2984 768 ) (-1024 2984 1024 ) (-1064 2984 1024 ) 
4 198 202 (-1064 3032 768 ) (-1064 3024 768 ) (-1064 3024 1024 ) (-1064 3032 1024 ) 
4 198 201 (-1064 2992 768 ) (-1064 2984 768 ) (-1064 2984 1024 ) (-1064 2992 1024 ) 
4 198 199 (-1064 3072 768 ) (-1064 3032 768 ) (-1064 3032 1024 ) (-1064 3072 1024 ) 
4 199 203 (-1112 3032 1024 ) (-1112 3032 768 ) (-1104 3032 768 ) (-1104 3032 1024 ) 
4 199 202 (-1072 3032 768 ) (-1064 3032 768 ) (-1064 3032 1024 ) (-1072 3032 1024 ) 
4 199 204 (-1112 3072 768 ) (-1112 3032 768 ) (-1112 3032 1024 ) (-1112 3072 1024 ) 
4 200 205 (-1112 2984 768 ) (-1104 2984 768 ) (-1104 2984 1024 ) (-1112 2984 1024 ) 
4 200 204 (-1112 2992 768 ) (-1112 2984 768 ) (-1112 2984 1024 ) (-1112 2992 1024 ) 
4 201 205 (-1072 2984 768 ) (-1064 2984 768 ) (-1064 2984 1024 ) (-1072 2984 1024 ) 
4 203 204 (-1112 3032 768 ) (-1112 3024 768 ) (-1112 3024 1024 ) (-1112 3032 1024 ) 
4 204 221 (-1536 3072 912 ) (-1536 3072 784 ) (-1536 2984 784 ) (-1536 2984 912 ) 
4 204 213 (-1536 2984 1024 ) (-1536 3072 1024 ) (-1536 3072 912 ) (-1536 2984 912 ) 
4 204 205 (-1536 2984 768 ) (-1112 2984 768 ) (-1112 2984 1024 ) (-1536 2984 1024 ) 
5 205 221 (-1536 2752 784 ) (-1536 2752 896 ) (-1536 2756.287598 912 ) (-1536 2984 912 ) (-1536 2984 784 ) 
6 205 213 (-1536 2756.287598 912 ) (-1536 2769.149902 960 ) (-1536 2816 1006.850037 ) (-1536 2880 1024 ) (-1536 2984 1024 ) (-1536 2984 912 ) 
4 206 208 (-1024 2760 176 ) (-1024 2760 192 ) (-1032 2760 192 ) (-1032 2760 176 ) 
4 206 207 (-1032 2928 64 ) (-1032 2760 64 ) (-1032 2760 192 ) (-1032 2928 192 ) 
4 207 209 (-1077 2944 192 ) (-1077 2944 64 ) (-1077 2760 64 ) (-1077 2760 192 ) 
4 207 208 (-1077 2760 192 ) (-1077 2760 176 ) (-1032 2760 176 ) (-1032 2760 192 ) 
4 208 209 (-1077 2752 176 ) (-1077 2752 192 ) (-1077 2760 192 ) (-1077 2760 176 ) 
4 209 210 (-1120 2944 192 ) (-1120 2944 64 ) (-1120 2752 64 ) (-1120 2752 192 ) 
4 210 230 (-1120 2752 192 ) (-1312 2752 192 ) (-1312 2752 64 ) (-1120 2752 64 ) 
4 210 211 (-1408 2872 64 ) (-1408 2824 64 ) (-1408 2824 172 ) (-1408 2872 172 ) 
7 212 256 (-2048 3072 1280 ) (-2048 3072 1024 ) (-2048 2752 1024 ) (-2048 2752 1152 ) (-2048 2769.150146 1216 ) (-2048 2816 1262.849976 ) (-2048 2880 1280 ) 
4 212 220 (-2016 3072 1024 ) (-1984 3072 1024 ) (-1984 2752 1024 ) (-2016 2752 1024 ) 
4 212 219 (-1984 3072 1024 ) (-1952 3072 1024 ) (-1952 2752 1024 ) (-1984 2752 1024 ) 
4 212 218 (-1952 3072 1024 ) (-1920 3072 1024 ) (-1920 2752 1024 ) (-1952 2752 1024 ) 
4 212 217 (-1920 3072 1024 ) (-1888 3072 1024 ) (-1888 2752 1024 ) (-1920 2752 1024 ) 
4 212 216 (-1888 3072 1024 ) (-1856 3072 1024 ) (-1856 2752 1024 ) (-1888 2752 1024 ) 
4 212 215 (-1856 3072 1024 ) (-1824 3072 1024 ) (-1824 2752 1024 ) (-1856 2752 1024 ) 
4 212 214 (-1824 3072 1024 ) (-1552 3072 1024 ) (-1552 2752 1024 ) (-1824 2752 1024 ) 
4 213 221 (-1536 3072 912 ) (-1536 2752 912 ) (-1552 2752 912 ) (-1552 3072 912 ) 
4 213 214 (-1552 3072 912 ) (-1552 2752 912 ) (-1552 2752 1024 ) (-1552 3072 1024 ) 
4 214 228 (-1760 2752 912 ) (-1792 2752 912 ) (-1792 3072 912 ) (-1760 3072 912 ) 
4 214 227 (-1728 2752 912 ) (-1760 2752 912 ) (-1760 3072 912 ) (-1728 3072 912 ) 
4 214 226 (-1664 2752 912 ) (-1728 2752 912 ) (-1728 3072 912 ) (-1664 3072 912 ) 
4 214 225 (-1632 2752 912 ) (-1664 2752 912 ) (-1664 3072 912 ) (-1632 3072 912 ) 
4 214 224 (-1600 2752 912 ) (-1632 2752 912 ) (-1632 3072 912 ) (-1600 3072 912 ) 
4 214 223 (-1568 2752 912 ) (-1600 2752 912 ) (-1600 3072 912 ) (-1568 3072 912 ) 
4 214 222 (-1552 2752 912 ) (-1568 2752 912 ) (-1568 3072 912 ) (-1552 3072 912 ) 
4 214 215 (-1824 2752 928 ) (-1824 2752 1024 ) (-1824 3072 1024 ) (-1824 3072 928 ) 
4 215 216 (-1856 2752 944 ) (-1856 2752 1024 ) (-1856 3072 1024 ) (-1856 3072 944 ) 
4 216 217 (-1888 2752 960 ) (-1888 2752 1024 ) (-1888 3072 1024 ) (-1888 3072 960 ) 
4 217 218 (-1920 2752 976 ) (-1920 2752 1024 ) (-1920 3072 1024 ) (-1920 3072 976 ) 
4 218 219 (-1952 2752 992 ) (-1952 2752 1024 ) (-1952 3072 1024 ) (-1952 3072 992 ) 
4 219 220 (-1984 2752 1008 ) (-1984 2752 1024 ) (-1984 3072 1024 ) (-1984 3072 1008 ) 
4 221 222 (-1552 3072 784 ) (-1552 2752 784 ) (-1552 2752 912 ) (-1552 3072 912 ) 
4 222 223 (-1568 2752 800 ) (-1568 2752 912 ) (-1568 3072 912 ) (-1568 3072 800 ) 
4 223 224 (-1600 2752 816 ) (-1600 2752 912 ) (-1600 3072 912 ) (-1600 3072 816 ) 
4 224 225 (-1632 2752 832 ) (-1632 2752 912 ) (-1632 3072 912 ) (-1632 3072 832 ) 
4 225 229 (-1664 2752 848 ) (-1664 2752 864 ) (-1664 3072 864 ) (-1664 3072 848 ) 
4 225 226 (-1664 2752 864 ) (-1664 2752 912 ) (-1664 3072 912 ) (-1664 3072 864 ) 
4 226 229 (-1664 3072 864 ) (-1664 2752 864 ) (-1696 2752 864 ) (-1696 3072 864 ) 
4 226 227 (-1728 2752 880 ) (-1728 2752 912 ) (-1728 3072 912 ) (-1728 3072 880 ) 
4 227 228 (-1760 2752 896 ) (-1760 2752 912 ) (-1760 3072 912 ) (-1760 3072 896 ) 
4 230 231 (-1312 2736 64 ) (-1120 2736 64 ) (-1120 2736 192 ) (-1312 2736 192 ) 
4 231 232 (-1296 2688 64 ) (-1136 2688 64 ) (-1136 2688 192 ) (-1296 2688 192 ) 
4 232 233 (-1296 2624 64 ) (-1136 2624 64 ) (-1136 2624 192 ) (-1296 2624 192 ) 
4 233 234 (-1240 2320 64 ) (-1192 2320 64 ) (-1192 2320 170 ) (-1240 2320 170 ) 
4 234 235 (-1192 2313 64 ) (-1192 2313 170 ) (-1240 2313 170 ) (-1240 2313 64 ) 
4 235 236 (-1192 2311 64 ) (-1192 2311 170 ) (-1240 2311 170 ) (-1240 2311 64 ) 
4 236 240 (-1240 2304 64 ) (-1192 2304 64 ) (-1192 2304 170 ) (-1240 2304 170 ) 
4 237 239 (-1059 2296 192 ) (-1059 2304 192 ) (-1059 2304 176 ) (-1059 2296 176 ) 
4 237 238 (-1059 2296 192 ) (-1059 2296 176 ) (-1024 2296 176 ) (-1024 2296 192 ) 
4 238 242 (-1024 2288 192 ) (-1059 2288 192 ) (-1059 2288 64 ) (-1024 2288 64 ) 
4 238 239 (-1059 2288 64 ) (-1059 2288 192 ) (-1059 2296 192 ) (-1059 2296 64 ) 
4 239 242 (-1059 2288 192 ) (-1072 2288 192 ) (-1072 2288 64 ) (-1059 2288 64 ) 
4 240 245 (-1136 2288 192 ) (-1296 2288 192 ) (-1296 2288 64 ) (-1136 2288 64 ) 
4 241 245 (-1360 2288 192 ) (-1408 2288 192 ) (-1408 2288 64 ) (-1360 2288 64 ) 
4 242 254 (-1024 2288 64 ) (-1024 2128 64 ) (-1096 2128 64 ) (-1096 2288 64 ) 
4 242 246 (-1024 2128 192 ) (-1072 2128 192 ) (-1072 2128 64 ) (-1024 2128 64 ) 
4 242 243 (-1096 2288 192 ) (-1096 2288 128 ) (-1096 2284 128 ) (-1096 2284 192 ) 
4 242 244 (-1096 2284 64 ) (-1096 2128 64 ) (-1096 2128 192 ) (-1096 2284 192 ) 
4 243 244 (-1111.790039 2284 192 ) (-1111.790039 2284 128 ) (-1096 2284 128 ) (-1096 2284 192 ) 
4 243 245 (-1111.790039 2288 192 ) (-1111.790039 2288 128 ) (-1111.790039 2284 128 ) (-1111.790039 2284 192 ) 
4 244 254 (-1096 2128 64 ) (-1111.790039 2128 64 ) (-1111.790039 2284 64 ) (-1096 2284 64 ) 
4 244 245 (-1111.790039 2284 64 ) (-1111.790039 2128 64 ) (-1111.790039 2128 192 ) (-1111.790039 2284 192 ) 
4 245 254 (-1111.790039 2128 64 ) (-1408 2128 64 ) (-1408 2288 64 ) (-1111.790039 2288 64 ) 
4 245 253 (-1408 2232 64 ) (-1408 2184 64 ) (-1408 2184 170 ) (-1408 2232 170 ) 
4 245 251 (-1224 2128 192 ) (-1296 2128 192 ) (-1296 2128 64 ) (-1224 2128 64 ) 
4 245 252 (-1360 2128 192 ) (-1408 2128 192 ) (-1408 2128 64 ) (-1360 2128 64 ) 
4 245 248 (-1208 2128 192 ) (-1224 2128 192 ) (-1224 2128 64 ) (-1208 2128 64 ) 
4 245 247 (-1136 2128 192 ) (-1208 2128 192 ) (-1208 2128 64 ) (-1136 2128 64 ) 
4 247 249 (-1208 2112 136 ) (-1208 2112 192 ) (-1208 2116 192 ) (-1208 2116 136 ) 
4 247 250 (-1208 2116 64 ) (-1208 2112 64 ) (-1208 2112 104 ) (-1208 2116 104 ) 
4 247 248 (-1208 2128 192 ) (-1208 2128 64 ) (-1208 2116 64 ) (-1208 2116 192 ) 
4 248 251 (-1224 2128 192 ) (-1224 2128 64 ) (-1224 2116 64 ) (-1224 2116 192 ) 
4 248 249 (-1224 2116 192 ) (-1224 2116 136 ) (-1208 2116 136 ) (-1208 2116 192 ) 
4 248 250 (-1224 2116 104 ) (-1224 2116 64 ) (-1208 2116 64 ) (-1208 2116 104 ) 
4 249 251 (-1224 2112 136 ) (-1224 2112 192 ) (-1224 2116 192 ) (-1224 2116 136 ) 
4 250 251 (-1224 2116 64 ) (-1224 2112 64 ) (-1224 2112 104 ) (-1224 2116 104 ) 
4 254 255 (-1024 2128 48 ) (-1408 2128 48 ) (-1408 2288 48 ) (-1024 2288 48 ) 
7 256 258 (-3072 2752 1024 ) (-3072 2752 1152 ) (-3072 2769.150146 1216 ) (-3072 2816 1262.849976 ) (-3072 2880 1280 ) (-3072 3072 1280 ) (-3072 3072 1024 ) 
4 257 258 (-3072 3072 1024 ) (-3072 3072 1280 ) (-3456 3072 1280 ) (-3456 3072 1024 ) 
4 259 260 (1856.007813 1408 64 ) (2048 1216.007813 64 ) (2048 1216.007813 512 ) (1856.007813 1408 512 ) 
4 260 262 (2048 1024 64 ) (2048 1024 512 ) (1728 1024 512 ) (1728 1024 64 ) 
4 260 261 (1728 1536.005005 64 ) (1728 1024 64 ) (1728 1024 512 ) (1728 1536.005005 512 ) 
4 261 263 (1024 2048 512 ) (1024 2048 64 ) (1024 1024 64 ) (1024 1024 512 ) 
4 261 262 (1728 1024 512 ) (1024 1024 512 ) (1024 1024 64 ) (1728 1024 64 ) 
4 262 278 (1024 0 64 ) (1024 0 512 ) (1024 1024 512 ) (1024 1024 64 ) 
4 263 278 (1024 1024 64 ) (1024 1024 512 ) (0 1024 512 ) (0 1024 64 ) 
4 263 267 (0 2048 192 ) (0 2048 64 ) (0 1024 64 ) (0 1024 192 ) 
4 263 264 (0 2048 512 ) (0 2048 192 ) (0 1024 192 ) (0 1024 512 ) 
4 264 280 (-512 1024 512 ) (-768 1024 512 ) (-768 1024 192 ) (-512 1024 192 ) 
4 264 279 (0 1024 192 ) (0 1024 512 ) (-512 1024 512 ) (-512 1024 192 ) 
4 264 267 (0 1024 192 ) (-768 1024 192 ) (-768 2048 192 ) (0 2048 192 ) 
4 264 265 (-768 1856 192 ) (-768 1792 192 ) (-768 1792 512 ) (-768 1856 512 ) 
4 264 266 (-768 1792 192 ) (-768 1024 192 ) (-768 1024 512 ) (-768 1792 512 ) 
3 265 268 (-768 1856 192 ) (-768 1792 192 ) (-832 1792 192 ) 
4 265 266 (-832 1792 192 ) (-768 1792 192 ) (-768 1792 512 ) (-832 1792 512 ) 
4 266 280 (-768 1024 512 ) (-1024 1024 512 ) (-1024 1024 192 ) (-768 1024 192 ) 
4 266 277 (-952 1024 192 ) (-1024 1024 192 ) (-1024 1792 192 ) (-952 1792 192 ) 
4 266 272 (-832 1024 192 ) (-952 1024 192 ) (-952 1792 192 ) (-832 1792 192 ) 
4 266 268 (-768 1024 192 ) (-832 1024 192 ) (-832 1792 192 ) (-768 1792 192 ) 
4 267 280 (-512 1024 192 ) (-768 1024 192 ) (-768 1024 64 ) (-512 1024 64 ) 
4 267 279 (0 1024 64 ) (0 1024 192 ) (-512 1024 192 ) (-512 1024 64 ) 
4 267 268 (-768 1856 64 ) (-768 1024 64 ) (-768 1024 192 ) (-768 1856 192 ) 
4 268 280 (-768 1024 192 ) (-832 1024 192 ) (-832 1024 64 ) (-768 1024 64 ) 
4 268 273 (-832 1792 64 ) (-832 1024 64 ) (-832 1024 172 ) (-832 1792 172 ) 
4 268 272 (-832 1024 172 ) (-832 1024 192 ) (-832 1792 192 ) (-832 1792 172 ) 
4 269 270 (-1008 2000 64 ) (-848 2000 64 ) (-848 2000 192 ) (-1008 2000 192 ) 
4 270 271 (-1008 1936 64 ) (-848 1936 64 ) (-848 1936 192 ) (-1008 1936 192 ) 
4 271 274 (-952 1808 64 ) (-904 1808 64 ) (-904 1808 172 ) (-952 1808 172 ) 
4 272 280 (-832 1024 192 ) (-952 1024 192 ) (-952 1024 172 ) (-832 1024 172 ) 
4 272 277 (-952 1792 172 ) (-952 1024 172 ) (-952 1024 192 ) (-952 1792 192 ) 
4 272 276 (-952 1024 172 ) (-952 1792 172 ) (-904 1792 172 ) (-904 1024 172 ) 
4 272 273 (-904 1792 172 ) (-832 1792 172 ) (-832 1024 172 ) (-904 1024 172 ) 
4 273 280 (-904 1024 64 ) (-832 1024 64 ) (-832 1024 172 ) (-904 1024 172 ) 
4 273 276 (-904 1024 172 ) (-904 1792 172 ) (-904 1792 64 ) (-904 1024 64 ) 
4 274 275 (-904 1801 64 ) (-904 1801 172 ) (-952 1801 172 ) (-952 1801 64 ) 
4 275 276 (-904 1799 64 ) (-904 1799 172 ) (-952 1799 172 ) (-952 1799 64 ) 
4 276 280 (-952 1024 172 ) (-952 1024 64 ) (-904 1024 64 ) (-904 1024 172 ) 
4 276 277 (-952 1792 64 ) (-952 1024 64 ) (-952 1024 172 ) (-952 1792 172 ) 
4 277 280 (-952 1024 192 ) (-1024 1024 192 ) (-1024 1024 64 ) (-952 1024 64 ) 
4 278 279 (0 1024 512 ) (0 1024 64 ) (0 0 64 ) (0 0 512 ) 
4 279 280 (-512 1024 64 ) (-512 256 64 ) (-512 256 512 ) (-512 1024 512 ) 
